// Jest Snapshot v1, https://goo.gl/fbAQLP

exports[`Header Should match snapshot 1`] = `"<header class=\\"header\\"><h1>Movies</h1><button class=\\"custom__button\\">add Movie</button><div class=\\"modal hide\\"><div class=\\"modal__content\\"><div class=\\"content__header\\"><h3>Add new film in collection</h3><button class=\\"custom__button\\">X</button></div><div class=\\"content__body\\"><input type=\\"text\\" autoComplete=\\"off\\" placeholder=\\"enter title here\\" value=\\"\\" name=\\"title\\" autofocus=\\"\\"/><input type=\\"text\\" autoComplete=\\"off\\" placeholder=\\"enter cover here\\" value=\\"\\" name=\\"cover\\" autofocus=\\"\\"/><input type=\\"text\\" autoComplete=\\"off\\" placeholder=\\"enter description here\\" value=\\"\\" name=\\"description\\" autofocus=\\"\\"/><button disabled=\\"\\" class=\\"movie__add\\">Add movie</button></div></div></div></header>"`;
