// Jest Snapshot v1, https://goo.gl/fbAQLP

exports[`App Should match snapshot 1`] = `"<header class=\\"header\\"><h1>React Timer</h1></header><div class=\\"main\\"><div class=\\"timer\\"><p class=\\"timer__tablo\\">00:00</p><div class=\\"timer__controll-set\\"><input type=\\"text\\" placeholder=\\"Enter time for Timer\\"/><button disabled=\\"\\">Set</button></div><div class=\\"timer__controll-operations\\"><button disabled=\\"\\">Stop</button><button disabled=\\"\\">Start</button><button disabled=\\"\\">Reset</button></div></div></div>"`;
